declare module NeedAProjectName.Native {

    export class Class1 {
        constructor();
    }

    export class ClassWithEventHandler {
        addEventListener(type: string, listener: EventListener): void;
        removeEventListener(type: string, listener: EventListener): void;
        onsomethinghappened(ev: any);
        constructor();
        doSomething(): void;
    }

    enum SampleEnum {
        A = 0,
        B = 1,
        C = 2,
        D = 3
    }

    enum SampleEnumNumbered {
        A = 1,
        B = 10,
        C = 100,
        D = 99
    }

    export class SomethingHappenedEventHandler {
        constructor(__param0: Object__param1: IntPtr, );
        invoke(__param0: ClassWithEventHandler__param1: string, ): void;
    }

}
