declare module NeedAProjectName.Native {

    export class Class1 implements NeedAProjectName.Native.__IClass1PublicNonVirtuals {
        constructor();
    }

    export class ClassWithEventHandler implements NeedAProjectName.Native.__IClassWithEventHandlerPublicNonVirtuals, NeedAProjectName.Native.__IClassWithEventHandlerProtectedNonVirtuals {
        addEventListener(type: string, listener: EventListener): void;
        removeEventListener(type: string, listener: EventListener): void;
        onsomethinghappened(ev: any);
        constructor();
        doSomething(): void;
    }

    enum SampleEnum {
        a,
        b,
        c,
        d
    }

    enum SampleEnumNumbered {
        a,
        b,
        c,
        d
    }

    export class SomethingHappenedEventHandler {
        constructor(__param0: any, __param1: System.IntPtr);
        invoke(__param0: NeedAProjectName.Native.ClassWithEventHandler, __param1: string): void;
    }

}
