declare module NeedAProjectName.Native {

    enum SampleEnumNumbered {
        a,
        b,
        c,
        d
    }

}
