declare module NeedAProjectName.Native {

    export class ClassWithEventHandler implements NeedAProjectName.Native.__IClassWithEventHandlerPublicNonVirtuals, NeedAProjectName.Native.__IClassWithEventHandlerProtectedNonVirtuals {
        addEventListener(type: string, listener: EventListener): void;
        removeEventListener(type: string, listener: EventListener): void;
        onsomethinghappened(ev: any);
        constructor();
        doSomething(): void;
    }

}
