ToTypeScriptD v0.0.0000.0000 SHA1:0000000 - Debug
Copyright (C) 2013 Jason Jarrett

  -s, --specialTypes    Writes the ToTypeScriptD special types to standard out

  -i, --indentWith      Override default indentation of SpaceX4 (four spaces). 
                        Possible options: [None, TabX1, TabX2, 
                        SpaceX1,...SpaceX8]

  -p, --camelCase       (Default: True) Changes properties from .Net name to 
                        camel cased names. EX: (Foo: string) becomes (foo: 
                        string)

  -r, --regexFilter     A .net regular expression that can be used to filter 
                        the FullName of types exported. Picture this taking the
                        FullName of the TypeScript type and running it through 
                        the .Net Regex.IsMatch(name, pattern)


