ToTypeScriptD - v0.0.0000.0000 SHA1:0000000 - Debug
Copyright (C) 2013 Jason Jarrett
 
Usage: TypeScriptD.exe [--specialTypes] [<file1.winmd> ...<fileN.winmd>]

  -s, --specialTypes    Writes the ToTypeScriptD special types to standard out

  -r, --regexFilter     A .net regular expression that can be used to filter 
                        the FullName of types exported. Picture this taking the
                        FullName of the TypeScript type and running it through 
                        the .Net Regex.IsMatch(name, pattern)

  --help                Display this help screen.


