Error: Could not find file 'C:\TypeScriptD_FileNotFound_ThisShouldNotExistOnYourSystem.dll'.
