Error: Could not find a part of the path 'C:\TypeScriptD\TypeScriptD\TypeScriptD\Foo.dll'.
