//****************************************************************
//  Generated by:  ToTypeScriptD
//  Website:       http://github.com/ToTypeScriptD/ToTypeScriptD
//  Version:       v0.0.0000.0000 SHA1:0000000 - Debug
//  Date:          mm/dd/YYYY H:MM:SS PM
//
//  Assemblies:
//    ToTypeScriptD.TestAssembly.CSharp.dll
//
//****************************************************************



declare module ToTypeScriptD.TestAssembly.CSharp.NamespaceSample.Sample.SubSample {

    export interface TestClassB {
    }

}
declare module ToTypeScriptD.TestAssembly.CSharp.NamespaceSample.Sample {

    export interface TestClassA {
    }

}
declare module ToTypeScriptD.TestAssembly.CSharp.NamespaceSample.Sample2 {

    export interface TestClassC {
    }

}
declare module ToTypeScriptD.TestAssembly.CSharp.NamespaceSample {

    export interface TestClass {
    }

}

