declare module ToTypeScriptD.Native {

    export class AsyncClass {
        constructor();
        getStringAsync(value: string): ToTypeScriptD.WinRT.IPromise<string>;
    }

    export class ClassWithEventHandler {
        addEventListener(eventName: string, listener: ToTypeScriptD.Native.SomethingHappenedEventHandler): void;
        removeEventListener(eventName: string, listener: ToTypeScriptD.Native.SomethingHappenedEventHandler): void;
        onsomethinghappened: (ev: ToTypeScriptD.Native.SomethingHappenedEventHandler) => void;
        constructor();
        doSomething(): void;
        doSomethingTyped(): void;
    }

    export class CXReturnTypes {
        constructor();
        getString(): string;
        getInt32(): number;
        getUInt32(): number;
        getGuid(): string;
        getByte(): number;
        getBytes(): any;
        getBoolean(): boolean;
        methodWithSomeOutParameters(in1: number, in2: string): CXReturnTypes_methodWithSomeOutParameters_OUT;
        methodWithSomeOutParametersButVoidResult(in1: number, in2: string): CXReturnTypes_methodWithSomeOutParametersButVoidResult_OUT;
        overloadedMethodWithNumberTypeParams(value: number): string;
        getIterableOfInts(): Windows.Foundation.Collections.IIterable<number>;
    }

    interface CXReturnTypes_methodWithSomeOutParameters_OUT {
        __returnValue: number;
        out1: number;
        out2: string;
        out3: number[];
    }

    interface CXReturnTypes_methodWithSomeOutParametersButVoidResult_OUT {
        out1: number;
        out2: string;
        out3: number[];
    }

    enum SampleEnum {
        a,
        b,
        c,
        d
    }

    export class SampleEnumClass {
        constructor();
        methowWithEnumParameter(value: ToTypeScriptD.Native.SampleEnum): ToTypeScriptD.Native.SampleEnum;
    }

    enum SampleEnumNumbered {
        a,
        b,
        d,
        c
    }

    export interface SomethingHappenedEventHandler {
        target: ToTypeScriptD.Native.ClassWithEventHandler;
        detail: any[];
        type: string;
    }

}
