declare module Windows.System.UserProfile {

    export class GlobalizationPreferences {
        static calendars: Windows.Foundation.Collections.IVectorView<string>;
        static clocks: Windows.Foundation.Collections.IVectorView<string>;
        static currencies: Windows.Foundation.Collections.IVectorView<string>;
        static homeGeographicRegion: string;
        static languages: Windows.Foundation.Collections.IVectorView<string>;
        static weekStartsOn: Windows.Globalization.DayOfWeek;
    }

}
