ToTypeScriptD XXX_VERSION_XXX
Copyright (C) 2013 Jason Jarrett
 
Usage: TypeScriptD.exe [--specialTypes] [<file1.winmd> ...<fileN.winmd>]

  -s, --specialTypes    Writes the ToTypeScriptD special types to standard out

  --help                Display this help screen.

