declare module WinmdToTypeScript.Native {

    enum SampleEnum {
        A,
        B,
        C,
        D
    }

}
