declare module WinmdToTypeScript.Native {

    enum SampleEnumNumbered {
        A = 1,
        B = 10,
        C = 100,
        D = 99
    }

}
