declare module ToTypeScriptD.Native {

    enum SampleEnum {
        a,
        b,
        c,
        d
    }

}
