declare module Windows.Foundation.Metadata {

    enum ThreadingModel {
        invalidThreading,
        sta,
        mta,
        both
    }

}
