File: [0] = C:\Windows\System32\WinMetadata\Windows.ApplicationModel.winmd
File: [1] = C:\Windows\System32\WinMetadata\Windows.Data.winmd
File: [2] = C:\Windows\System32\WinMetadata\Windows.Devices.winmd
File: [3] = C:\Windows\System32\WinMetadata\Windows.Foundation.winmd
File: [4] = C:\Windows\System32\WinMetadata\Windows.Globalization.winmd
File: [5] = C:\Windows\System32\WinMetadata\Windows.Graphics.winmd
File: [6] = C:\Windows\System32\WinMetadata\Windows.Management.winmd
File: [7] = C:\Windows\System32\WinMetadata\Windows.Media.winmd
File: [8] = C:\Windows\System32\WinMetadata\Windows.Networking.winmd
File: [9] = C:\Windows\System32\WinMetadata\Windows.Security.winmd
File: [10] = C:\Windows\System32\WinMetadata\Windows.Storage.winmd
File: [11] = C:\Windows\System32\WinMetadata\Windows.System.winmd
File: [12] = C:\Windows\System32\WinMetadata\Windows.UI.winmd
File: [13] = C:\Windows\System32\WinMetadata\Windows.UI.Xaml.winmd
File: [14] = C:\Windows\System32\WinMetadata\Windows.Web.winmd
