declare module ToTypeScriptD.Native {

    export class ClassWithEventHandler {
        addEventListener(type: string, listener: EventListener): void;
        removeEventListener(type: string, listener: EventListener): void;
        onsomethinghappened(ev: any);
        constructor();
        doSomething(): void;
    }

}
